// Jest Snapshot v1, https://goo.gl/fbAQLP

exports[`Icon input icon name 1`] = `
<div>
  <svg
    className="kawaii_icon"
  >
    <use
      xlinkHref="#planet"
    />
  </svg>
</div>
`;
